// Jest Snapshot v1, https://goo.gl/fbAQLP

exports[`ProgressBar renders correctly 1`] = `
<div
  aria-valuemax={100}
  aria-valuemin={0}
  aria-valuenow={10}
  className="MuiLinearProgress-root MuiLinearProgress-colorPrimary MuiLinearProgress-determinate"
  role="progressbar"
>
  <div
    className="MuiLinearProgress-bar MuiLinearProgress-barColorPrimary MuiLinearProgress-bar1Determinate"
    style={
      Object {
        "transform": "translateX(-90%)",
      }
    }
  />
</div>
`;
